V3 9
FL C:/FPGArcade/PmodJSTK_Module/clock50Khz.vhd 2011/03/15.10:23:11 M.81d
EN work/clock50Khz 1300226652 FL C:/FPGArcade/PmodJSTK_Module/clock50Khz.vhd \
      PB ieee/std_logic_1164 1290154108 PB ieee/STD_LOGIC_UNSIGNED 1290154110
AR work/clock50Khz/Behavioral 1300226653 \
      FL C:/FPGArcade/PmodJSTK_Module/clock50Khz.vhd EN work/clock50Khz 1300226652
FL C:/FPGArcade/PmodJSTK_Module/PmodJSTK_Driver.vhd 2011/03/15.17:04:06 M.81d
AR work/jstkModule/Behavioral 0 \
      FL C:/FPGArcade/PmodJSTK_Module/PmodJSTK_Driver.vhd EN work/jstkModule 0 \
      CP clock50Khz
EN work/top 1300226654 \
      FL C:/FPGArcade/PmodJSTK_Module/PmodJSTK_Driver.vhd PB ieee/std_logic_1164 1290154108 \
      PB ieee/std_logic_arith 1290154109 PB ieee/STD_LOGIC_UNSIGNED 1290154110
AR work/top/Behavioral 1300226655 \
      FL C:/FPGArcade/PmodJSTK_Module/PmodJSTK_Driver.vhd EN work/top 1300226654 \
      CP clock50Khz
