AR clock1mhz behavioral C:/FPGArcade/PmodJSTK_Driver/clock1Mhz.vhd sub00/vhpl02 1299884782
EN clock1mhz NULL C:/FPGArcade/PmodJSTK_Driver/clock1Mhz.vhd sub00/vhpl01 1299884781
AR pmodjstk_driver behavioral C:/FPGArcade/PmodJSTK_Driver/PmodJSTK_Driver.vhd sub00/vhpl05 1299884784
EN top NULL C:/FPGArcade/PmodJSTK_Driver/top.vhd sub00/vhpl00 1299884319
AR top behavioral C:/FPGArcade/PmodJSTK_Driver/top.vhd sub00/vhpl03 1299884320
EN pmodjstk_driver NULL C:/FPGArcade/PmodJSTK_Driver/PmodJSTK_Driver.vhd sub00/vhpl04 1299884783
