AR clock1mhz behavioral C:/FPGArcade/PmodJSTK_Driver/clock1Mhz.vhd sub00/vhpl02 1299974387
EN clock1mhz NULL C:/FPGArcade/PmodJSTK_Driver/clock1Mhz.vhd sub00/vhpl01 1299974386
AR pmodjstk_driver behavioral C:/FPGArcade/PmodJSTK_Driver/PmodJSTK_Driver.vhd sub00/vhpl05 1299959626
EN top NULL C:/FPGArcade/PmodJSTK_Driver/top.vhd sub00/vhpl00 1299974390
AR top behavioral C:/FPGArcade/PmodJSTK_Driver/top.vhd sub00/vhpl03 1299974391
EN jstkmodule NULL C:/FPGArcade/PmodJSTK_Driver/PmodJSTK_Driver.vhd sub00/vhpl06 1299974388
AR jstkmodule behavioral C:/FPGArcade/PmodJSTK_Driver/PmodJSTK_Driver.vhd sub00/vhpl07 1299974389
EN pmodjstk_driver NULL C:/FPGArcade/PmodJSTK_Driver/PmodJSTK_Driver.vhd sub00/vhpl04 1299959625
