AR clock1mhz behavioral C:/FPGArcade/PmodJSTK_Driver/clock1Mhz.vhd sub00/vhpl02 1299974387
EN clock1mhz NULL C:/FPGArcade/PmodJSTK_Driver/clock1Mhz.vhd sub00/vhpl01 1299974386
AR pmodjstk_driver behavioral C:/FPGArcade/PmodJSTK_Driver/PmodJSTK_Driver.vhd sub00/vhpl05 1299959626
EN clock50khz NULL C:/FPGArcade/PmodJSTK_Driver/clock50Khz.vhd sub00/vhpl08 1300202750
EN top NULL C:/FPGArcade/PmodJSTK_Driver/top.vhd sub00/vhpl00 1300202754
AR top behavioral C:/FPGArcade/PmodJSTK_Driver/top.vhd sub00/vhpl03 1300202755
EN jstkmodule NULL C:/FPGArcade/PmodJSTK_Driver/PmodJSTK_Driver.vhd sub00/vhpl06 1300202752
AR clock50khz behavioral C:/FPGArcade/PmodJSTK_Driver/clock50Khz.vhd sub00/vhpl09 1300202751
AR jstkmodule behavioral C:/FPGArcade/PmodJSTK_Driver/PmodJSTK_Driver.vhd sub00/vhpl07 1300202753
EN pmodjstk_driver NULL C:/FPGArcade/PmodJSTK_Driver/PmodJSTK_Driver.vhd sub00/vhpl04 1299959625
