EN clk25mhz NULL "C:/Documents and Settings/nb418308/Desktop/FPGArcade/VGA_Driver/clk25MHz.vhd" sub00/vhpl02 1298254432
AR clk25mhz behavioral "C:/Documents and Settings/nb418308/Desktop/FPGArcade/VGA_Driver/clk25MHz.vhd" sub00/vhpl03 1298254433
EN top NULL "C:/Documents and Settings/nb418308/Desktop/FPGArcade/VGA_Driver/top.vhdl" sub00/vhpl00 1298254434
AR top behavioral "C:/Documents and Settings/nb418308/Desktop/FPGArcade/VGA_Driver/top.vhdl" sub00/vhpl01 1298254435
