EN clk25mhz NULL C:/FPGArcade/VGA_Driver/clk25MHz.vhd sub00/vhpl02 1299962985
AR clk25mhz behavioral C:/FPGArcade/VGA_Driver/clk25MHz.vhd sub00/vhpl03 1299962986
EN top NULL C:/FPGArcade/VGA_Driver/top.vhdl sub00/vhpl00 1299962987
AR top behavioral C:/FPGArcade/VGA_Driver/top.vhdl sub00/vhpl01 1299962988
