V3 7
FL "C:/Documents and Settings/nb418308/Desktop/FPGArcade/VGA_Driver/clk25MHz.vhd" 2011/02/21.10:20:34 M.81d
EN work/clk25MHz 1298308489 \
      FL "C:/Documents and Settings/nb418308/Desktop/FPGArcade/VGA_Driver/clk25MHz.vhd" \
      PB ieee/std_logic_1164 1290154108
AR work/clk25MHz/Behavioral 1298308490 \
      FL "C:/Documents and Settings/nb418308/Desktop/FPGArcade/VGA_Driver/clk25MHz.vhd" \
      EN work/clk25MHz 1298308489
FL "C:/Documents and Settings/nb418308/Desktop/FPGArcade/VGA_Driver/top.vhdl" 2011/02/21.11:14:42 M.81d
EN work/top 1298308491 \
      FL "C:/Documents and Settings/nb418308/Desktop/FPGArcade/VGA_Driver/top.vhdl" \
      PB ieee/std_logic_1164 1290154108 PB ieee/std_logic_arith 1290154109 \
      PB ieee/STD_LOGIC_UNSIGNED 1290154110
AR work/top/Behavioral 1298308492 \
      FL "C:/Documents and Settings/nb418308/Desktop/FPGArcade/VGA_Driver/top.vhdl" \
      EN work/top 1298308491 CP clk25MHz
