V3 3
FL "C:/Documents and Settings/nb418308/Desktop/FPGArcade/VGA_Driver/top.vhdl" 2011/02/17.18:42:08 M.81d
EN work/top 1297989780 \
      FL "C:/Documents and Settings/nb418308/Desktop/FPGArcade/VGA_Driver/top.vhdl" \
      PB ieee/std_logic_1164 1290154108
AR work/top/Behavioral 1297989781 \
      FL "C:/Documents and Settings/nb418308/Desktop/FPGArcade/VGA_Driver/top.vhdl" \
      EN work/top 1297989780
