Release 12.4 - xst M.81d (nt)
Copyright (c) 1995-2010 Xilinx, Inc.  All rights reserved.
--> Parameter TMPDIR set to xst/projnav.tmp


Total REAL time to Xst completion: 0.00 secs
Total CPU time to Xst completion: 0.11 secs
 
--> Parameter xsthdpdir set to xst


Total REAL time to Xst completion: 0.00 secs
Total CPU time to Xst completion: 0.13 secs
 
--> Reading design: Simple_Video.prj

TABLE OF CONTENTS
  1) Synthesis Options Summary
  2) HDL Compilation
  3) Design Hierarchy Analysis
  4) HDL Analysis
  5) HDL Synthesis
     5.1) HDL Synthesis Report
  6) Advanced HDL Synthesis
     6.1) Advanced HDL Synthesis Report
  7) Low Level Synthesis
  8) Partition Report
  9) Final Report
	9.1) Device utilization summary
	9.2) Partition Resource Summary
	9.3) TIMING REPORT


=========================================================================
*                      Synthesis Options Summary                        *
=========================================================================
---- Source Parameters
Input File Name                    : "Simple_Video.prj"
Input Format                       : mixed
Ignore Synthesis Constraint File   : NO

---- Target Parameters
Output File Name                   : "Simple_Video"
Output Format                      : NGC
Target Device                      : xc3s500e-4-fg320

---- Source Options
Top Module Name                    : Simple_Video
Automatic FSM Extraction           : YES
FSM Encoding Algorithm             : Auto
Safe Implementation                : No
FSM Style                          : LUT
RAM Extraction                     : Yes
RAM Style                          : Auto
ROM Extraction                     : Yes
Mux Style                          : Auto
Decoder Extraction                 : YES
Priority Encoder Extraction        : Yes
Shift Register Extraction          : YES
Logical Shifter Extraction         : YES
XOR Collapsing                     : YES
ROM Style                          : Auto
Mux Extraction                     : Yes
Resource Sharing                   : YES
Asynchronous To Synchronous        : NO
Multiplier Style                   : Auto
Automatic Register Balancing       : No

---- Target Options
Add IO Buffers                     : YES
Global Maximum Fanout              : 500
Add Generic Clock Buffer(BUFG)     : 24
Register Duplication               : YES
Slice Packing                      : YES
Optimize Instantiated Primitives   : NO
Use Clock Enable                   : Yes
Use Synchronous Set                : Yes
Use Synchronous Reset              : Yes
Pack IO Registers into IOBs        : Auto
Equivalent register Removal        : YES

---- General Options
Optimization Goal                  : Speed
Optimization Effort                : 1
Keep Hierarchy                     : No
Netlist Hierarchy                  : As_Optimized
RTL Output                         : Yes
Global Optimization                : AllClockNets
Read Cores                         : YES
Write Timing Constraints           : NO
Cross Clock Analysis               : NO
Hierarchy Separator                : /
Bus Delimiter                      : <>
Case Specifier                     : Maintain
Slice Utilization Ratio            : 100
BRAM Utilization Ratio             : 100
Verilog 2001                       : YES
Auto BRAM Packing                  : NO
Slice Utilization Ratio Delta      : 5

=========================================================================


=========================================================================
*                          HDL Compilation                              *
=========================================================================
Compiling vhdl file "C:/Documents and Settings/nb418308/Desktop/FPGArcade/Simple_Video/Simple_Video/clk25MHz.vhd" in Library work.
Architecture behavioral of Entity clk25mhz is up to date.
Compiling vhdl file "C:/Documents and Settings/nb418308/Desktop/FPGArcade/Simple_Video/Simple_Video/slowClock.vhd" in Library work.
Entity <slowclock> compiled.
Entity <slowclock> (Architecture <behavioral>) compiled.
Compiling vhdl file "C:/Documents and Settings/nb418308/Desktop/FPGArcade/Simple_Video/Simple_Video/Simple_Video.vhd" in Library work.
Architecture behavioral of Entity simple_video is up to date.

=========================================================================
*                     Design Hierarchy Analysis                         *
=========================================================================
Analyzing hierarchy for entity <Simple_Video> in library <work> (architecture <behavioral>).

Analyzing hierarchy for entity <clk25MHz> in library <work> (architecture <behavioral>).

Analyzing hierarchy for entity <slowClock> in library <work> (architecture <behavioral>).


=========================================================================
*                            HDL Analysis                               *
=========================================================================
Analyzing Entity <Simple_Video> in library <work> (Architecture <behavioral>).
INFO:Xst:2679 - Register <VGA_Green> in unit <Simple_Video> has a constant value of 000 during circuit operation. The register is replaced by logic.
Entity <Simple_Video> analyzed. Unit <Simple_Video> generated.

Analyzing Entity <clk25MHz> in library <work> (Architecture <behavioral>).
Entity <clk25MHz> analyzed. Unit <clk25MHz> generated.

Analyzing Entity <slowClock> in library <work> (Architecture <behavioral>).
Entity <slowClock> analyzed. Unit <slowClock> generated.


=========================================================================
*                           HDL Synthesis                               *
=========================================================================

Performing bidirectional port resolution...

Synthesizing Unit <clk25MHz>.
    Related source file is "C:/Documents and Settings/nb418308/Desktop/FPGArcade/Simple_Video/Simple_Video/clk25MHz.vhd".
    Found 1-bit register for signal <slow_clk>.
    Summary:
	inferred   1 D-type flip-flop(s).
Unit <clk25MHz> synthesized.


Synthesizing Unit <slowClock>.
    Related source file is "C:/Documents and Settings/nb418308/Desktop/FPGArcade/Simple_Video/Simple_Video/slowClock.vhd".
    Found 32-bit up counter for signal <counter>.
    Found 1-bit register for signal <slow_clk>.
    Summary:
	inferred   1 Counter(s).
	inferred   1 D-type flip-flop(s).
Unit <slowClock> synthesized.


Synthesizing Unit <Simple_Video>.
    Related source file is "C:/Documents and Settings/nb418308/Desktop/FPGArcade/Simple_Video/Simple_Video/Simple_Video.vhd".
WARNING:Xst:647 - Input <sw> is never used. This port will be preserved and left unconnected if it belongs to a top-level block or it belongs to a sub-block and the hierarchy of this sub-block is preserved.
WARNING:Xst:653 - Signal <blockYPosition<4:9>> is used but never assigned. This sourceless signal will be automatically connected to value 000100.
    Found 3-bit register for signal <VGA_Red>.
    Found 2-bit register for signal <VGA_Blue>.
    Found 1-bit register for signal <HSync>.
    Found 1-bit register for signal <VSync>.
    Found 10-bit up counter for signal <blockXPosition>.
    Found 4-bit register for signal <blockYPosition<0:3>>.
    Found 10-bit up counter for signal <hCount>.
    Found 11-bit comparator greatequal for signal <HSync$cmp_ge0000> created at line 103.
    Found 11-bit comparator lessequal for signal <HSync$cmp_le0000> created at line 103.
    Found 10-bit up counter for signal <vCount>.
    Found 10-bit adder carry out for signal <VGA_Blue$addsub0000> created at line 119.
    Found 10-bit adder carry out for signal <VGA_Blue$addsub0001> created at line 120.
    Found 11-bit comparator greater for signal <VGA_Blue$cmp_gt0000> created at line 117.
    Found 11-bit comparator greater for signal <VGA_Blue$cmp_gt0001> created at line 117.
    Found 11-bit comparator greater for signal <VGA_Blue$cmp_gt0002> created at line 119.
    Found 11-bit comparator greater for signal <VGA_Blue$cmp_gt0003> created at line 120.
    Found 10-bit comparator less for signal <VGA_Blue$cmp_lt0000> created at line 119.
    Found 10-bit comparator less for signal <VGA_Blue$cmp_lt0001> created at line 120.
    Found 11-bit comparator lessequal for signal <VGA_Red$cmp_le0000> created at line 117.
    Found 11-bit comparator lessequal for signal <VGA_Red$cmp_le0001> created at line 117.
    Found 11-bit comparator greatequal for signal <VSync$cmp_ge0000> created at line 110.
    Found 11-bit comparator lessequal for signal <VSync$cmp_le0000> created at line 110.
    Summary:
	inferred   3 Counter(s).
	inferred  11 D-type flip-flop(s).
	inferred   2 Adder/Subtractor(s).
	inferred  12 Comparator(s).
Unit <Simple_Video> synthesized.


=========================================================================
HDL Synthesis Report

Macro Statistics
# Adders/Subtractors                                   : 2
 10-bit adder carry out                                : 2
# Counters                                             : 4
 10-bit up counter                                     : 3
 32-bit up counter                                     : 1
# Registers                                            : 10
 1-bit register                                        : 8
 2-bit register                                        : 1
 3-bit register                                        : 1
# Comparators                                          : 12
 10-bit comparator less                                : 2
 11-bit comparator greatequal                          : 2
 11-bit comparator greater                             : 4
 11-bit comparator lessequal                           : 4

=========================================================================

=========================================================================
*                       Advanced HDL Synthesis                          *
=========================================================================


=========================================================================
Advanced HDL Synthesis Report

Macro Statistics
# Adders/Subtractors                                   : 2
 10-bit adder carry out                                : 2
# Counters                                             : 4
 10-bit up counter                                     : 3
 32-bit up counter                                     : 1
# Registers                                            : 13
 Flip-Flops                                            : 13
# Comparators                                          : 12
 10-bit comparator less                                : 2
 11-bit comparator greatequal                          : 2
 11-bit comparator greater                             : 4
 11-bit comparator lessequal                           : 4

=========================================================================

=========================================================================
*                         Low Level Synthesis                           *
=========================================================================
INFO:Xst:2261 - The FF/Latch <VGA_Red_0> in Unit <Simple_Video> is equivalent to the following 2 FFs/Latches, which will be removed : <VGA_Red_1> <VGA_Red_2> 
INFO:Xst:2261 - The FF/Latch <VGA_Blue_0> in Unit <Simple_Video> is equivalent to the following FF/Latch, which will be removed : <VGA_Blue_1> 

Optimizing unit <Simple_Video> ...

Mapping all equations...
Building and optimizing final netlist ...
Found area constraint ratio of 100 (+ 5) on block Simple_Video, actual ratio is 1.

Final Macro Processing ...

=========================================================================
Final Register Report

Macro Statistics
# Registers                                            : 72
 Flip-Flops                                            : 72

=========================================================================

=========================================================================
*                           Partition Report                            *
=========================================================================

Partition Implementation Status
-------------------------------

  No Partitions were found in this design.

-------------------------------

=========================================================================
*                            Final Report                               *
=========================================================================
Final Results
RTL Top Level Output File Name     : Simple_Video.ngr
Top Level Output File Name         : Simple_Video
Output Format                      : NGC
Optimization Goal                  : Speed
Keep Hierarchy                     : No

Design Statistics
# IOs                              : 23

Cell Usage :
# BELS                             : 317
#      GND                         : 1
#      INV                         : 11
#      LUT1                        : 66
#      LUT2                        : 29
#      LUT2_L                      : 1
#      LUT3                        : 3
#      LUT3_D                      : 1
#      LUT3_L                      : 1
#      LUT4                        : 20
#      LUT4_D                      : 1
#      LUT4_L                      : 1
#      MUXCY                       : 110
#      VCC                         : 1
#      XORCY                       : 71
# FlipFlops/Latches                : 72
#      FD                          : 4
#      FDE                         : 1
#      FDR                         : 56
#      FDRE                        : 10
#      FDRS                        : 1
# Clock Buffers                    : 2
#      BUFG                        : 1
#      BUFGP                       : 1
# IO Buffers                       : 14
#      IBUF                        : 4
#      OBUF                        : 10
=========================================================================

Device utilization summary:
---------------------------

Selected Device : 3s500efg320-4 

 Number of Slices:                       74  out of   4656     1%  
 Number of Slice Flip Flops:             72  out of   9312     0%  
 Number of 4 input LUTs:                134  out of   9312     1%  
 Number of IOs:                          23
 Number of bonded IOBs:                  15  out of    232     6%  
 Number of GCLKs:                         2  out of     24     8%  

---------------------------
Partition Resource Summary:
---------------------------

  No Partitions were found in this design.

---------------------------


=========================================================================
TIMING REPORT

NOTE: THESE TIMING NUMBERS ARE ONLY A SYNTHESIS ESTIMATE.
      FOR ACCURATE TIMING INFORMATION PLEASE REFER TO THE TRACE REPORT
      GENERATED AFTER PLACE-and-ROUTE.

Clock Information:
------------------
-----------------------------------+------------------------+-------+
Clock Signal                       | Clock buffer(FF name)  | Load  |
-----------------------------------+------------------------+-------+
clock25MHz/slow_clk1               | BUFG                   | 28    |
clk50                              | BUFGP                  | 34    |
verySlowClock/slow_clk             | NONE(blockXPosition_9) | 10    |
-----------------------------------+------------------------+-------+
INFO:Xst:2169 - HDL ADVISOR - Some clock signals were not automatically buffered by XST with BUFG/BUFR resources. Please use the buffer_type constraint in order to insert these buffers to the clock signals to help prevent skew problems.

Asynchronous Control Signals Information:
----------------------------------------
No asynchronous control signals found in this design

Timing Summary:
---------------
Speed Grade: -4

   Minimum period: 6.845ns (Maximum Frequency: 146.092MHz)
   Minimum input arrival time before clock: 1.946ns
   Maximum output required time after clock: 4.394ns
   Maximum combinational path delay: No path found

Timing Detail:
--------------
All values displayed in nanoseconds (ns)

=========================================================================
Timing constraint: Default period analysis for Clock 'clock25MHz/slow_clk1'
  Clock period: 6.845ns (frequency: 146.092MHz)
  Total number of paths / destination ports: 669 / 55
-------------------------------------------------------------------------
Delay:               6.845ns (Levels of Logic = 3)
  Source:            hCount_1 (FF)
  Destination:       vCount_0 (FF)
  Source Clock:      clock25MHz/slow_clk1 rising
  Destination Clock: clock25MHz/slow_clk1 rising

  Data Path: hCount_1 to vCount_0
                                Gate     Net
    Cell:in->out      fanout   Delay   Delay  Logical Name (Net Name)
    ----------------------------------------  ------------
     FDR:C->Q              4   0.591   0.762  hCount_1 (hCount_1)
     LUT4:I0->O            1   0.704   0.455  vCount_and000017 (vCount_and000017)
     LUT4:I2->O           21   0.704   1.132  vCount_and0000127 (vCount_cmp_eq0000)
     LUT4:I3->O           10   0.704   0.882  vCount_and000035 (vCount_and0000)
     FDRE:R                    0.911          vCount_0
    ----------------------------------------
    Total                      6.845ns (3.614ns logic, 3.231ns route)
                                       (52.8% logic, 47.2% route)

=========================================================================
Timing constraint: Default period analysis for Clock 'clk50'
  Clock period: 5.240ns (frequency: 190.857MHz)
  Total number of paths / destination ports: 1586 / 67
-------------------------------------------------------------------------
Delay:               5.240ns (Levels of Logic = 9)
  Source:            verySlowClock/counter_8 (FF)
  Destination:       verySlowClock/counter_0 (FF)
  Source Clock:      clk50 rising
  Destination Clock: clk50 rising

  Data Path: verySlowClock/counter_8 to verySlowClock/counter_0
                                Gate     Net
    Cell:in->out      fanout   Delay   Delay  Logical Name (Net Name)
    ----------------------------------------  ------------
     FDR:C->Q              2   0.591   0.622  verySlowClock/counter_8 (verySlowClock/counter_8)
     LUT4:I0->O            1   0.704   0.000  verySlowClock/slow_clk_cmp_eq0000_wg_lut<0> (verySlowClock/slow_clk_cmp_eq0000_wg_lut<0>)
     MUXCY:S->O            1   0.464   0.000  verySlowClock/slow_clk_cmp_eq0000_wg_cy<0> (verySlowClock/slow_clk_cmp_eq0000_wg_cy<0>)
     MUXCY:CI->O           1   0.059   0.000  verySlowClock/slow_clk_cmp_eq0000_wg_cy<1> (verySlowClock/slow_clk_cmp_eq0000_wg_cy<1>)
     MUXCY:CI->O           1   0.059   0.000  verySlowClock/slow_clk_cmp_eq0000_wg_cy<2> (verySlowClock/slow_clk_cmp_eq0000_wg_cy<2>)
     MUXCY:CI->O           1   0.059   0.000  verySlowClock/slow_clk_cmp_eq0000_wg_cy<3> (verySlowClock/slow_clk_cmp_eq0000_wg_cy<3>)
     MUXCY:CI->O           1   0.059   0.000  verySlowClock/slow_clk_cmp_eq0000_wg_cy<4> (verySlowClock/slow_clk_cmp_eq0000_wg_cy<4>)
     MUXCY:CI->O           1   0.059   0.000  verySlowClock/slow_clk_cmp_eq0000_wg_cy<5> (verySlowClock/slow_clk_cmp_eq0000_wg_cy<5>)
     MUXCY:CI->O           1   0.059   0.000  verySlowClock/slow_clk_cmp_eq0000_wg_cy<6> (verySlowClock/slow_clk_cmp_eq0000_wg_cy<6>)
     MUXCY:CI->O          33   0.331   1.263  verySlowClock/slow_clk_cmp_eq0000_wg_cy<7> (verySlowClock/slow_clk_cmp_eq0000)
     FDR:R                     0.911          verySlowClock/counter_0
    ----------------------------------------
    Total                      5.240ns (3.355ns logic, 1.885ns route)
                                       (64.0% logic, 36.0% route)

=========================================================================
Timing constraint: Default period analysis for Clock 'verySlowClock/slow_clk'
  Clock period: 5.009ns (frequency: 199.641MHz)
  Total number of paths / destination ports: 155 / 20
-------------------------------------------------------------------------
Delay:               5.009ns (Levels of Logic = 2)
  Source:            blockXPosition_6 (FF)
  Destination:       blockXPosition_9 (FF)
  Source Clock:      verySlowClock/slow_clk rising
  Destination Clock: verySlowClock/slow_clk rising

  Data Path: blockXPosition_6 to blockXPosition_9
                                Gate     Net
    Cell:in->out      fanout   Delay   Delay  Logical Name (Net Name)
    ----------------------------------------  ------------
     FDR:C->Q              4   0.591   0.762  blockXPosition_6 (blockXPosition_6)
     LUT4:I0->O            1   0.704   0.455  blockXPosition_cmp_eq000015 (blockXPosition_cmp_eq000015)
     LUT4:I2->O           10   0.704   0.882  blockXPosition_cmp_eq000037 (blockXPosition_cmp_eq0000)
     FDR:R                     0.911          blockXPosition_9
    ----------------------------------------
    Total                      5.009ns (2.910ns logic, 2.099ns route)
                                       (58.1% logic, 41.9% route)

=========================================================================
Timing constraint: Default OFFSET IN BEFORE for Clock 'clock25MHz/slow_clk1'
  Total number of paths / destination ports: 4 / 4
-------------------------------------------------------------------------
Offset:              1.946ns (Levels of Logic = 1)
  Source:            btn<2> (PAD)
  Destination:       blockYPosition_1 (FF)
  Destination Clock: clock25MHz/slow_clk1 rising

  Data Path: btn<2> to blockYPosition_1
                                Gate     Net
    Cell:in->out      fanout   Delay   Delay  Logical Name (Net Name)
    ----------------------------------------  ------------
     IBUF:I->O             1   1.218   0.420  btn_2_IBUF (btn_2_IBUF)
     FD:D                      0.308          blockYPosition_1
    ----------------------------------------
    Total                      1.946ns (1.526ns logic, 0.420ns route)
                                       (78.4% logic, 21.6% route)

=========================================================================
Timing constraint: Default OFFSET OUT AFTER for Clock 'clock25MHz/slow_clk1'
  Total number of paths / destination ports: 7 / 7
-------------------------------------------------------------------------
Offset:              4.394ns (Levels of Logic = 1)
  Source:            VGA_Red_0 (FF)
  Destination:       VGA_Red<2> (PAD)
  Source Clock:      clock25MHz/slow_clk1 rising

  Data Path: VGA_Red_0 to VGA_Red<2>
                                Gate     Net
    Cell:in->out      fanout   Delay   Delay  Logical Name (Net Name)
    ----------------------------------------  ------------
     FDRS:C->Q             3   0.591   0.531  VGA_Red_0 (VGA_Red_0)
     OBUF:I->O                 3.272          VGA_Red_2_OBUF (VGA_Red<2>)
    ----------------------------------------
    Total                      4.394ns (3.863ns logic, 0.531ns route)
                                       (87.9% logic, 12.1% route)

=========================================================================


Total REAL time to Xst completion: 4.00 secs
Total CPU time to Xst completion: 4.06 secs
 
--> 

Total memory usage is 152484 kilobytes

Number of errors   :    0 (   0 filtered)
Number of warnings :    2 (   0 filtered)
Number of infos    :    4 (   0 filtered)

