Release 12.4 Map M.81d (nt)
Xilinx Map Application Log File for Design 'top'

Design Information
------------------
Command Line   : map -intstyle ise -p xc3s500e-fg320-4 -cm area -ir off -pr off
-c 100 -o top_map.ncd top.ngd top.pcf 
Target Device  : xc3s500e
Target Package : fg320
Target Speed   : -4
Mapper Version : spartan3e -- $Revision: 1.52.76.2 $
Mapped Date    : Sat Mar 12 14:52:09 2011

Mapping design into LUTs...
Running directed packing...
ERROR:Pack:2811 - Directed packing was unable to obey the user design
   constraints (LOC=B8) which requires the combination of the symbols listed
   below to be packed into a single IBUF component.

   The directed pack was not possible because: There is more than one pad
   symbol.
   The symbols involved are:
   	BUF symbol "PaddlePosition_7_IBUF" (Output Signal = PaddlePosition_7_IBUF)
   	PAD symbol "PaddlePosition<7>" (Pad Signal = PaddlePosition<7>)
   	PAD symbol "BlockPosition<15>" (Pad Signal = BlockPosition<15>)
   	PAD symbol "PaddlePosition<8>" (Pad Signal = PaddlePosition<8>)
   	PAD symbol "BlockPosition<16>" (Pad Signal = BlockPosition<16>)
   	PAD symbol "PaddlePosition<9>" (Pad Signal = PaddlePosition<9>)
   	PAD symbol "BlockPosition<17>" (Pad Signal = BlockPosition<17>)
   	PAD symbol "BlockPosition<18>" (Pad Signal = BlockPosition<18>)
   	PAD symbol "PaddlePosition<10>" (Pad Signal = PaddlePosition<10>)
   	PAD symbol "clk" (Pad Signal = clk)
   	PAD symbol "PaddlePosition<11>" (Pad Signal = PaddlePosition<11>)
   	PAD symbol "PaddlePosition<12>" (Pad Signal = PaddlePosition<12>)
   	PAD symbol "PaddlePosition<13>" (Pad Signal = PaddlePosition<13>)
   	PAD symbol "PaddlePosition<14>" (Pad Signal = PaddlePosition<14>)
   	PAD symbol "PaddlePosition<15>" (Pad Signal = PaddlePosition<15>)
   	PAD symbol "PaddlePosition<16>" (Pad Signal = PaddlePosition<16>)
   	PAD symbol "PaddlePosition<17>" (Pad Signal = PaddlePosition<17>)
   	PAD symbol "BlockPosition<0>" (Pad Signal = BlockPosition<0>)
   	PAD symbol "BlockPosition<1>" (Pad Signal = BlockPosition<1>)
   	PAD symbol "BlockPosition<2>" (Pad Signal = BlockPosition<2>)
   	PAD symbol "BlockPosition<3>" (Pad Signal = BlockPosition<3>)
   	PAD symbol "BlockPosition<4>" (Pad Signal = BlockPosition<4>)
   	PAD symbol "BlockPosition<5>" (Pad Signal = BlockPosition<5>)
   	PAD symbol "BlockPosition<6>" (Pad Signal = BlockPosition<6>)
   	PAD symbol "BlockPosition<7>" (Pad Signal = BlockPosition<7>)
   	PAD symbol "BlockPosition<8>" (Pad Signal = BlockPosition<8>)
   	PAD symbol "BlockPosition<9>" (Pad Signal = BlockPosition<9>)
   	PAD symbol "PaddlePosition<0>" (Pad Signal = PaddlePosition<0>)
   	PAD symbol "PaddlePosition<1>" (Pad Signal = PaddlePosition<1>)
   	PAD symbol "PaddlePosition<2>" (Pad Signal = PaddlePosition<2>)
   	PAD symbol "BlockPosition<10>" (Pad Signal = BlockPosition<10>)
   	PAD symbol "PaddlePosition<3>" (Pad Signal = PaddlePosition<3>)
   	PAD symbol "BlockPosition<11>" (Pad Signal = BlockPosition<11>)
   	PAD symbol "PaddlePosition<4>" (Pad Signal = PaddlePosition<4>)
   	PAD symbol "BlockPosition<12>" (Pad Signal = BlockPosition<12>)
   	PAD symbol "PaddlePosition<5>" (Pad Signal = PaddlePosition<5>)
   	PAD symbol "BlockPosition<13>" (Pad Signal = BlockPosition<13>)
   	PAD symbol "PaddlePosition<6>" (Pad Signal = PaddlePosition<6>)
   	PAD symbol "BlockPosition<14>" (Pad Signal = BlockPosition<14>)

Mapping completed.
See MAP report file "top_map.mrp" for details.
Problem encountered during the packing phase.

Design Summary
--------------
Number of errors   :   1
Number of warnings :   0
