V3 11
FL "C:/Documents and Settings/nb418308/Desktop/FPGArcade/Simple_Video/Simple_Video/clk25MHz.vhd" 2011/03/05.14:21:01 M.81d
EN work/clk25MHz 1299704240 \
      FL "C:/Documents and Settings/nb418308/Desktop/FPGArcade/Simple_Video/Simple_Video/clk25MHz.vhd" \
      PB ieee/std_logic_1164 1290154108
AR work/clk25MHz/Behavioral 1299704241 \
      FL "C:/Documents and Settings/nb418308/Desktop/FPGArcade/Simple_Video/Simple_Video/clk25MHz.vhd" \
      EN work/clk25MHz 1299704240
FL "C:/Documents and Settings/nb418308/Desktop/FPGArcade/Simple_Video/Simple_Video/Simple_Video.vhd" 2011/03/09.14:54:05 M.81d
EN work/Simple_Video 1299704244 \
      FL "C:/Documents and Settings/nb418308/Desktop/FPGArcade/Simple_Video/Simple_Video/Simple_Video.vhd" \
      PB ieee/std_logic_1164 1290154108 PB ieee/std_logic_arith 1290154109 \
      PB ieee/STD_LOGIC_UNSIGNED 1290154110
AR work/Simple_Video/Behavioral 1299704245 \
      FL "C:/Documents and Settings/nb418308/Desktop/FPGArcade/Simple_Video/Simple_Video/Simple_Video.vhd" \
      EN work/Simple_Video 1299704244 CP clk25MHz CP slowClock
FL "C:/Documents and Settings/nb418308/Desktop/FPGArcade/Simple_Video/Simple_Video/slowClock.vhd" 2011/03/09.14:57:13 M.81d
EN work/slowClock 1299704242 \
      FL "C:/Documents and Settings/nb418308/Desktop/FPGArcade/Simple_Video/Simple_Video/slowClock.vhd" \
      PB ieee/std_logic_1164 1290154108 PB ieee/std_logic_arith 1290154109 \
      PB ieee/STD_LOGIC_UNSIGNED 1290154110
AR work/slowClock/Behavioral 1299704243 \
      FL "C:/Documents and Settings/nb418308/Desktop/FPGArcade/Simple_Video/Simple_Video/slowClock.vhd" \
      EN work/slowClock 1299704242
